MAP
 IMAGECOLOR 255 255 255
 FONTSET "/www/kvwmap/kvwmap_dev/fonts/fonts.txt"
 INTERLACE TRUE
 SIZE 200 200
 STATUS ON
 TRANSPARENT TRUE
 NAME "ref_kvwmap"
 SYMBOLSET "/www/kvwmap/kvwmap_dev/symbols/symbole.sym" # Pfad anpassen!
 SHAPEPATH "/www/kvwmap/var/data/" # Pfad anpassen!

 OUTPUTFORMAT
   NAME "jpeg"
   MIMETYPE "image/jpeg"
   DRIVER "GD/JPEG"
   EXTENSION "jpg"
   IMAGEMODE "RGB"
   TRANSPARENT FALSE
 END
  
 OUTPUTFORMAT
   NAME "jpeg_print"
   MIMETYPE "image/jpeg"
   DRIVER "GD/JPEG"
   EXTENSION "jpg"
   IMAGEMODE "RGB"
   TRANSPARENT FALSE
   FORMATOPTION "QUALITY=100"
 END

 PROJECTION
   "init=epsg:2398" # EPSG anpassen!
 END
 
 WEB
   IMAGEPATH "/www/kvwmap/tmp/" # Pfad anpassen!
   IMAGEURL "/tmp/"
 END  

 LAYER # zeichnet die Flurgrenzen
   CONNECTION "user=kvwmap password=kvwmap dbname=kvwmapsp" # Anpassen!
   CONNECTIONTYPE POSTGIS
   DATA "the_geom from (select o.the_geom,o.objnr AS oid
                        FROM alkobj_e_fla AS o,alknflur AS fl
                        WHERE o.folie='002' AND o.objnr=fl.objnr)
         as foo using unique oid using srid=2398" # SRID anpassen!
   METADATA
     "wms_name" "Fluren"
     "ows_srs"	 "2398" # EPSG anpassen!
     "ows_title" "Fluren"
   END
   NAME "Fluren"
   PROJECTION
     "init=epsg:2398" # EPSG anpassen!
   END
   STATUS ON
   TYPE LINE
   MINSCALE 100
   CLASS
     STYLE
       COLOR -1 -1 -1
       OUTLINECOLOR 0 0 0
       SIZE 3
       SYMBOL 'punkt'
     END
   END
 END 
 LAYER
     CLASSITEM "ID"
     DATA "Adm_Gemarkungen"
     DEBUG ON
     FOOTER " "
     GROUP "Administrativ"
     HEADER " "
     LABELITEM "GEMARKUNG"
     LABELMAXSCALE 150000
     LABELMINSCALE 0
       METADATA
         "layer_hidden"	"0"
         "off_requires"	"0"
         "wms_name"	""
         "real_layer_status"	"1"
         "queryStatus"	"0"
         "ows_srs"	"EPSG:2398"
         "wms_format"	"image/png"
         "ows_title"	"Gemarkung"
         "wms_connectiontimeout"	"60"
         "wms_queryable"	"1"
         "wms_server_version"	"1.1.0"
         "Layer_ID"	"8"
         "wms_group_title"	"Administrativ"
       END
     NAME "Gemarkung"
     PROJECTION
       "init=epsg:2398"
     END
     SIZEUNITS PIXELS
     STATUS ON
     TEMPLATE " "
     TOLERANCEUNITS PIXELS
     TYPE POLYGON
     UNITS METERS
     CLASS
       NAME "Gemarkungsgrenze"
       EXPRESSION (1=1)
       LABEL
         ANGLE 0.000000
         ANTIALIAS TRUE
         FONT arial
         MAXSIZE 15
         MINSIZE 8
         SIZE 13
         TYPE TRUETYPE
         BUFFER 0
         COLOR 100 100 100
         FORCE FALSE
         MINDISTANCE -1
         MINFEATURESIZE -1
         OFFSET 0 0
         OUTLINECOLOR 255 255 255
         PARTIALS TRUE
         POSITION CC
       END
       METADATA
       END
       STYLE
         ANGLE 360
           OUTLINECOLOR 100 100 100
         SIZE 3
         SYMBOL 12
       END
       TEMPLATE " "
     END
  END
  
  LAYER
   NAME "rechteck"
   STATUS DEFAULT
   TYPE LINE
   TRANSFORM FALSE
   FEATURE
     POINTS
  #     R1  H1 R2  H2  R3  H3  R4  H4  R1  H1
        134 75 402 75 402 225 134 225 134 75
  # Die Werte sind abhängig von der Größe der Referenzkarte!
     END
   END  
   CLASS
     STYLE
       SIZE 3
       COLOR 0 0 0
       OUTLINECOLOR -1 -1 -1
       SYMBOL "punkt"
     END    
   END
  END
 
END